// Jest Snapshot v1, https://goo.gl/fbAQLP

exports[`HiddenButton Component renders correctly with  props 1`] = `
<TouchableOpacity
  onPress={[MockFunction]}
  style={
    Object {
      "height": 2,
      "width": 2,
    }
  }
  testID="123"
/>
`;

exports[`HiddenButton Component renders correctly with defaults 1`] = `null`;
