// Jest Snapshot v1, https://goo.gl/fbAQLP

exports[`Curve renders with the correct data 1`] = `
<View
  collapsable={true}
  pointerEvents="box-none"
  style={
    Object {
      "flex": 1,
    }
  }
>
  <RNSVGPath
    d="
        M 10 10 
        Q 10 15 10 20
  "
    fill={null}
    fillOpacity={1}
    fillRule={1}
    matrix={
      Array [
        1,
        0,
        0,
        1,
        0,
        0,
      ]
    }
    opacity={1}
    originX={0}
    originY={0}
    propList={
      Array [
        "fill",
        "stroke",
        "strokeWidth",
      ]
    }
    rotation={0}
    scaleX={1}
    scaleY={1}
    skewX={0}
    skewY={0}
    stroke={4287603630}
    strokeDasharray={null}
    strokeDashoffset={null}
    strokeLinecap={0}
    strokeLinejoin={0}
    strokeMiterlimit={4}
    strokeOpacity={1}
    strokeWidth={27}
    vectorEffect={0}
    x={0}
    y={0}
  />
</View>
`;
